[I 2025-01-17 13:25:20,852] A new study created in memory with name: no-name-6cf23919-9cc3-4e1b-b5dc-fc4b637bb48e
[rank: 0] Seed set to 1
GPU available: True (cuda), used: True
TPU available: False, using: 0 TPU cores
HPU available: False, using: 0 HPUs
Initializing distributed: GLOBAL_RANK: 0, MEMBER: 1/1
----------------------------------------------------------------------------------------------------
distributed_backend=nccl
All distributed processes registered. Starting with 1 processes
----------------------------------------------------------------------------------------------------

LOCAL_RANK: 0 - CUDA_VISIBLE_DEVICES: [0,1,2,3,4,5,6,7]

  | Name          | Type          | Params | Mode 
--------------------------------------------------------
0 | loss          | RMSE          | 0      | train
1 | padder_train  | ConstantPad1d | 0      | train
2 | scaler        | TemporalNorm  | 0      | train
3 | decomp        | SeriesDecomp  | 0      | train
4 | linear_trend  | Linear        | 153 M  | train
5 | linear_season | Linear        | 153 M  | train
--------------------------------------------------------
306 M     Trainable params
0         Non-trainable params
306 M     Total params
1,227.872 Total estimated model params size (MB)
8         Modules in train mode
0         Modules in eval mode
SLURM auto-requeueing enabled. Setting signal handlers.
[W 2025-01-17 13:25:30,257] Trial 0 failed with parameters: {'moving_avg_window': 25, 'learning_rate': 0.00040787823842218095, 'scaler_type': None, 'max_steps': 1500.0, 'batch_size': 64, 'windows_batch_size': 1024, 'random_seed': 1, 'input_size': 17520, 'step_size': 8760} because of the following error: Exception('Time series is too short for training, consider setting a smaller input size or set start_padding_enabled=True').
Traceback (most recent call last):
  File "/usr/local/lib/python3.12/dist-packages/optuna/study/_optimize.py", line 197, in _run_trial
    value_or_values = func(trial)
                      ^^^^^^^^^^^
  File "/usr/local/lib/python3.12/dist-packages/neuralforecast/common/_base_auto.py", line 325, in objective
    model = self._fit_model(
            ^^^^^^^^^^^^^^^^
  File "/usr/local/lib/python3.12/dist-packages/neuralforecast/common/_base_auto.py", line 362, in _fit_model
    model = model.fit(
            ^^^^^^^^^^
  File "/usr/local/lib/python3.12/dist-packages/neuralforecast/common/_base_windows.py", line 661, in fit
    return self._fit(
           ^^^^^^^^^^
  File "/usr/local/lib/python3.12/dist-packages/neuralforecast/common/_base_model.py", line 360, in _fit
    trainer.fit(model, datamodule=datamodule)
  File "/usr/local/lib/python3.12/dist-packages/pytorch_lightning/trainer/trainer.py", line 539, in fit
    call._call_and_handle_interrupt(
  File "/usr/local/lib/python3.12/dist-packages/pytorch_lightning/trainer/call.py", line 46, in _call_and_handle_interrupt
    return trainer.strategy.launcher.launch(trainer_fn, *args, trainer=trainer, **kwargs)
           ^^^^^^^^^^^^^^^^^^^^^^^^^^^^^^^^^^^^^^^^^^^^^^^^^^^^^^^^^^^^^^^^^^^^^^^^^^^^^^
  File "/usr/local/lib/python3.12/dist-packages/pytorch_lightning/strategies/launchers/subprocess_script.py", line 105, in launch
    return function(*args, **kwargs)
           ^^^^^^^^^^^^^^^^^^^^^^^^^
  File "/usr/local/lib/python3.12/dist-packages/pytorch_lightning/trainer/trainer.py", line 575, in _fit_impl
    self._run(model, ckpt_path=ckpt_path)
  File "/usr/local/lib/python3.12/dist-packages/pytorch_lightning/trainer/trainer.py", line 982, in _run
    results = self._run_stage()
              ^^^^^^^^^^^^^^^^^
  File "/usr/local/lib/python3.12/dist-packages/pytorch_lightning/trainer/trainer.py", line 1026, in _run_stage
    self.fit_loop.run()
  File "/usr/local/lib/python3.12/dist-packages/pytorch_lightning/loops/fit_loop.py", line 216, in run
    self.advance()
  File "/usr/local/lib/python3.12/dist-packages/pytorch_lightning/loops/fit_loop.py", line 455, in advance
    self.epoch_loop.run(self._data_fetcher)
  File "/usr/local/lib/python3.12/dist-packages/pytorch_lightning/loops/training_epoch_loop.py", line 150, in run
    self.advance(data_fetcher)
  File "/usr/local/lib/python3.12/dist-packages/pytorch_lightning/loops/training_epoch_loop.py", line 320, in advance
    batch_output = self.automatic_optimization.run(trainer.optimizers[0], batch_idx, kwargs)
                   ^^^^^^^^^^^^^^^^^^^^^^^^^^^^^^^^^^^^^^^^^^^^^^^^^^^^^^^^^^^^^^^^^^^^^^^^^
  File "/usr/local/lib/python3.12/dist-packages/pytorch_lightning/loops/optimization/automatic.py", line 192, in run
    self._optimizer_step(batch_idx, closure)
  File "/usr/local/lib/python3.12/dist-packages/pytorch_lightning/loops/optimization/automatic.py", line 270, in _optimizer_step
    call._call_lightning_module_hook(
  File "/usr/local/lib/python3.12/dist-packages/pytorch_lightning/trainer/call.py", line 171, in _call_lightning_module_hook
    output = fn(*args, **kwargs)
             ^^^^^^^^^^^^^^^^^^^
  File "/usr/local/lib/python3.12/dist-packages/pytorch_lightning/core/module.py", line 1302, in optimizer_step
    optimizer.step(closure=optimizer_closure)
  File "/usr/local/lib/python3.12/dist-packages/pytorch_lightning/core/optimizer.py", line 154, in step
    step_output = self._strategy.optimizer_step(self._optimizer, closure, **kwargs)
                  ^^^^^^^^^^^^^^^^^^^^^^^^^^^^^^^^^^^^^^^^^^^^^^^^^^^^^^^^^^^^^^^^^
  File "/usr/local/lib/python3.12/dist-packages/pytorch_lightning/strategies/ddp.py", line 270, in optimizer_step
    optimizer_output = super().optimizer_step(optimizer, closure, model, **kwargs)
                       ^^^^^^^^^^^^^^^^^^^^^^^^^^^^^^^^^^^^^^^^^^^^^^^^^^^^^^^^^^^
  File "/usr/local/lib/python3.12/dist-packages/pytorch_lightning/strategies/strategy.py", line 239, in optimizer_step
    return self.precision_plugin.optimizer_step(optimizer, model=model, closure=closure, **kwargs)
           ^^^^^^^^^^^^^^^^^^^^^^^^^^^^^^^^^^^^^^^^^^^^^^^^^^^^^^^^^^^^^^^^^^^^^^^^^^^^^^^^^^^^^^^
  File "/usr/local/lib/python3.12/dist-packages/pytorch_lightning/plugins/precision/precision.py", line 123, in optimizer_step
    return optimizer.step(closure=closure, **kwargs)
           ^^^^^^^^^^^^^^^^^^^^^^^^^^^^^^^^^^^^^^^^^
  File "/usr/local/lib/python3.12/dist-packages/torch/optim/lr_scheduler.py", line 140, in wrapper
    return func.__get__(opt, opt.__class__)(*args, **kwargs)
           ^^^^^^^^^^^^^^^^^^^^^^^^^^^^^^^^^^^^^^^^^^^^^^^^^
  File "/usr/local/lib/python3.12/dist-packages/torch/optim/optimizer.py", line 487, in wrapper
    out = func(*args, **kwargs)
          ^^^^^^^^^^^^^^^^^^^^^
  File "/usr/local/lib/python3.12/dist-packages/torch/optim/optimizer.py", line 91, in _use_grad
    ret = func(self, *args, **kwargs)
          ^^^^^^^^^^^^^^^^^^^^^^^^^^^
  File "/usr/local/lib/python3.12/dist-packages/torch/optim/adam.py", line 202, in step
    loss = closure()
           ^^^^^^^^^
  File "/usr/local/lib/python3.12/dist-packages/pytorch_lightning/plugins/precision/precision.py", line 109, in _wrap_closure
    closure_result = closure()
                     ^^^^^^^^^
  File "/usr/local/lib/python3.12/dist-packages/pytorch_lightning/loops/optimization/automatic.py", line 146, in __call__
    self._result = self.closure(*args, **kwargs)
                   ^^^^^^^^^^^^^^^^^^^^^^^^^^^^^
  File "/usr/local/lib/python3.12/dist-packages/torch/utils/_contextlib.py", line 116, in decorate_context
    return func(*args, **kwargs)
           ^^^^^^^^^^^^^^^^^^^^^
  File "/usr/local/lib/python3.12/dist-packages/pytorch_lightning/loops/optimization/automatic.py", line 131, in closure
    step_output = self._step_fn()
                  ^^^^^^^^^^^^^^^
  File "/usr/local/lib/python3.12/dist-packages/pytorch_lightning/loops/optimization/automatic.py", line 319, in _training_step
    training_step_output = call._call_strategy_hook(trainer, "training_step", *kwargs.values())
                           ^^^^^^^^^^^^^^^^^^^^^^^^^^^^^^^^^^^^^^^^^^^^^^^^^^^^^^^^^^^^^^^^^^^^
  File "/usr/local/lib/python3.12/dist-packages/pytorch_lightning/trainer/call.py", line 323, in _call_strategy_hook
    output = fn(*args, **kwargs)
             ^^^^^^^^^^^^^^^^^^^
  File "/usr/local/lib/python3.12/dist-packages/pytorch_lightning/strategies/strategy.py", line 390, in training_step
    return self._forward_redirection(self.model, self.lightning_module, "training_step", *args, **kwargs)
           ^^^^^^^^^^^^^^^^^^^^^^^^^^^^^^^^^^^^^^^^^^^^^^^^^^^^^^^^^^^^^^^^^^^^^^^^^^^^^^^^^^^^^^^^^^^^^^
  File "/usr/local/lib/python3.12/dist-packages/pytorch_lightning/strategies/strategy.py", line 641, in __call__
    wrapper_output = wrapper_module(*args, **kwargs)
                     ^^^^^^^^^^^^^^^^^^^^^^^^^^^^^^^
  File "/usr/local/lib/python3.12/dist-packages/torch/nn/modules/module.py", line 1736, in _wrapped_call_impl
    return self._call_impl(*args, **kwargs)
           ^^^^^^^^^^^^^^^^^^^^^^^^^^^^^^^^
  File "/usr/local/lib/python3.12/dist-packages/torch/nn/modules/module.py", line 1747, in _call_impl
    return forward_call(*args, **kwargs)
           ^^^^^^^^^^^^^^^^^^^^^^^^^^^^^
  File "/usr/local/lib/python3.12/dist-packages/torch/nn/parallel/distributed.py", line 1643, in forward
    else self._run_ddp_forward(*inputs, **kwargs)
         ^^^^^^^^^^^^^^^^^^^^^^^^^^^^^^^^^^^^^^^^
  File "/usr/local/lib/python3.12/dist-packages/torch/nn/parallel/distributed.py", line 1459, in _run_ddp_forward
    return self.module(*inputs, **kwargs)  # type: ignore[index]
           ^^^^^^^^^^^^^^^^^^^^^^^^^^^^^^
  File "/usr/local/lib/python3.12/dist-packages/torch/nn/modules/module.py", line 1736, in _wrapped_call_impl
    return self._call_impl(*args, **kwargs)
           ^^^^^^^^^^^^^^^^^^^^^^^^^^^^^^^^
  File "/usr/local/lib/python3.12/dist-packages/torch/nn/modules/module.py", line 1747, in _call_impl
    return forward_call(*args, **kwargs)
           ^^^^^^^^^^^^^^^^^^^^^^^^^^^^^
  File "/usr/local/lib/python3.12/dist-packages/pytorch_lightning/strategies/strategy.py", line 634, in wrapped_forward
    out = method(*_args, **_kwargs)
          ^^^^^^^^^^^^^^^^^^^^^^^^^
  File "/usr/local/lib/python3.12/dist-packages/neuralforecast/common/_base_windows.py", line 396, in training_step
    windows = self._create_windows(batch, step="train")
              ^^^^^^^^^^^^^^^^^^^^^^^^^^^^^^^^^^^^^^^^^
  File "/usr/local/lib/python3.12/dist-packages/neuralforecast/common/_base_windows.py", line 150, in _create_windows
    raise Exception(
Exception: Time series is too short for training, consider setting a smaller input size or set start_padding_enabled=True
[W 2025-01-17 13:25:30,274] Trial 0 failed with value None.
[rank0]: Traceback (most recent call last):
[rank0]:   File "/ceph/home/student.aau.dk/struon20/p9/p9-energy/AI-LAB/Blackbox_run2.py", line 164, in <module>
[rank0]:     predictions = forecast_blackbox_model(model, model_name)
[rank0]:                   ^^^^^^^^^^^^^^^^^^^^^^^^^^^^^^^^^^^^^^^^^^
[rank0]:   File "/ceph/home/student.aau.dk/struon20/p9/p9-energy/AI-LAB/Blackbox_run2.py", line 100, in forecast_blackbox_model
[rank0]:     nf.fit(data_train)
[rank0]:   File "/usr/local/lib/python3.12/dist-packages/neuralforecast/core.py", line 547, in fit
[rank0]:     self.models[i] = model.fit(
[rank0]:                      ^^^^^^^^^^
[rank0]:   File "/usr/local/lib/python3.12/dist-packages/neuralforecast/common/_base_auto.py", line 417, in fit
[rank0]:     results = self._optuna_tune_model(
[rank0]:               ^^^^^^^^^^^^^^^^^^^^^^^^
[rank0]:   File "/usr/local/lib/python3.12/dist-packages/neuralforecast/common/_base_auto.py", line 350, in _optuna_tune_model
[rank0]:     study.optimize(
[rank0]:   File "/usr/local/lib/python3.12/dist-packages/optuna/study/study.py", line 475, in optimize
[rank0]:     _optimize(
[rank0]:   File "/usr/local/lib/python3.12/dist-packages/optuna/study/_optimize.py", line 63, in _optimize
[rank0]:     _optimize_sequential(
[rank0]:   File "/usr/local/lib/python3.12/dist-packages/optuna/study/_optimize.py", line 160, in _optimize_sequential
[rank0]:     frozen_trial = _run_trial(study, func, catch)
[rank0]:                    ^^^^^^^^^^^^^^^^^^^^^^^^^^^^^^
[rank0]:   File "/usr/local/lib/python3.12/dist-packages/optuna/study/_optimize.py", line 248, in _run_trial
[rank0]:     raise func_err
[rank0]:   File "/usr/local/lib/python3.12/dist-packages/optuna/study/_optimize.py", line 197, in _run_trial
[rank0]:     value_or_values = func(trial)
[rank0]:                       ^^^^^^^^^^^
[rank0]:   File "/usr/local/lib/python3.12/dist-packages/neuralforecast/common/_base_auto.py", line 325, in objective
[rank0]:     model = self._fit_model(
[rank0]:             ^^^^^^^^^^^^^^^^
[rank0]:   File "/usr/local/lib/python3.12/dist-packages/neuralforecast/common/_base_auto.py", line 362, in _fit_model
[rank0]:     model = model.fit(
[rank0]:             ^^^^^^^^^^
[rank0]:   File "/usr/local/lib/python3.12/dist-packages/neuralforecast/common/_base_windows.py", line 661, in fit
[rank0]:     return self._fit(
[rank0]:            ^^^^^^^^^^
[rank0]:   File "/usr/local/lib/python3.12/dist-packages/neuralforecast/common/_base_model.py", line 360, in _fit
[rank0]:     trainer.fit(model, datamodule=datamodule)
[rank0]:   File "/usr/local/lib/python3.12/dist-packages/pytorch_lightning/trainer/trainer.py", line 539, in fit
[rank0]:     call._call_and_handle_interrupt(
[rank0]:   File "/usr/local/lib/python3.12/dist-packages/pytorch_lightning/trainer/call.py", line 46, in _call_and_handle_interrupt
[rank0]:     return trainer.strategy.launcher.launch(trainer_fn, *args, trainer=trainer, **kwargs)
[rank0]:            ^^^^^^^^^^^^^^^^^^^^^^^^^^^^^^^^^^^^^^^^^^^^^^^^^^^^^^^^^^^^^^^^^^^^^^^^^^^^^^
[rank0]:   File "/usr/local/lib/python3.12/dist-packages/pytorch_lightning/strategies/launchers/subprocess_script.py", line 105, in launch
[rank0]:     return function(*args, **kwargs)
[rank0]:            ^^^^^^^^^^^^^^^^^^^^^^^^^
[rank0]:   File "/usr/local/lib/python3.12/dist-packages/pytorch_lightning/trainer/trainer.py", line 575, in _fit_impl
[rank0]:     self._run(model, ckpt_path=ckpt_path)
[rank0]:   File "/usr/local/lib/python3.12/dist-packages/pytorch_lightning/trainer/trainer.py", line 982, in _run
[rank0]:     results = self._run_stage()
[rank0]:               ^^^^^^^^^^^^^^^^^
[rank0]:   File "/usr/local/lib/python3.12/dist-packages/pytorch_lightning/trainer/trainer.py", line 1026, in _run_stage
[rank0]:     self.fit_loop.run()
[rank0]:   File "/usr/local/lib/python3.12/dist-packages/pytorch_lightning/loops/fit_loop.py", line 216, in run
[rank0]:     self.advance()
[rank0]:   File "/usr/local/lib/python3.12/dist-packages/pytorch_lightning/loops/fit_loop.py", line 455, in advance
[rank0]:     self.epoch_loop.run(self._data_fetcher)
[rank0]:   File "/usr/local/lib/python3.12/dist-packages/pytorch_lightning/loops/training_epoch_loop.py", line 150, in run
[rank0]:     self.advance(data_fetcher)
[rank0]:   File "/usr/local/lib/python3.12/dist-packages/pytorch_lightning/loops/training_epoch_loop.py", line 320, in advance
[rank0]:     batch_output = self.automatic_optimization.run(trainer.optimizers[0], batch_idx, kwargs)
[rank0]:                    ^^^^^^^^^^^^^^^^^^^^^^^^^^^^^^^^^^^^^^^^^^^^^^^^^^^^^^^^^^^^^^^^^^^^^^^^^
[rank0]:   File "/usr/local/lib/python3.12/dist-packages/pytorch_lightning/loops/optimization/automatic.py", line 192, in run
[rank0]:     self._optimizer_step(batch_idx, closure)
[rank0]:   File "/usr/local/lib/python3.12/dist-packages/pytorch_lightning/loops/optimization/automatic.py", line 270, in _optimizer_step
[rank0]:     call._call_lightning_module_hook(
[rank0]:   File "/usr/local/lib/python3.12/dist-packages/pytorch_lightning/trainer/call.py", line 171, in _call_lightning_module_hook
[rank0]:     output = fn(*args, **kwargs)
[rank0]:              ^^^^^^^^^^^^^^^^^^^
[rank0]:   File "/usr/local/lib/python3.12/dist-packages/pytorch_lightning/core/module.py", line 1302, in optimizer_step
[rank0]:     optimizer.step(closure=optimizer_closure)
[rank0]:   File "/usr/local/lib/python3.12/dist-packages/pytorch_lightning/core/optimizer.py", line 154, in step
[rank0]:     step_output = self._strategy.optimizer_step(self._optimizer, closure, **kwargs)
[rank0]:                   ^^^^^^^^^^^^^^^^^^^^^^^^^^^^^^^^^^^^^^^^^^^^^^^^^^^^^^^^^^^^^^^^^
[rank0]:   File "/usr/local/lib/python3.12/dist-packages/pytorch_lightning/strategies/ddp.py", line 270, in optimizer_step
[rank0]:     optimizer_output = super().optimizer_step(optimizer, closure, model, **kwargs)
[rank0]:                        ^^^^^^^^^^^^^^^^^^^^^^^^^^^^^^^^^^^^^^^^^^^^^^^^^^^^^^^^^^^
[rank0]:   File "/usr/local/lib/python3.12/dist-packages/pytorch_lightning/strategies/strategy.py", line 239, in optimizer_step
[rank0]:     return self.precision_plugin.optimizer_step(optimizer, model=model, closure=closure, **kwargs)
[rank0]:            ^^^^^^^^^^^^^^^^^^^^^^^^^^^^^^^^^^^^^^^^^^^^^^^^^^^^^^^^^^^^^^^^^^^^^^^^^^^^^^^^^^^^^^^
[rank0]:   File "/usr/local/lib/python3.12/dist-packages/pytorch_lightning/plugins/precision/precision.py", line 123, in optimizer_step
[rank0]:     return optimizer.step(closure=closure, **kwargs)
[rank0]:            ^^^^^^^^^^^^^^^^^^^^^^^^^^^^^^^^^^^^^^^^^
[rank0]:   File "/usr/local/lib/python3.12/dist-packages/torch/optim/lr_scheduler.py", line 140, in wrapper
[rank0]:     return func.__get__(opt, opt.__class__)(*args, **kwargs)
[rank0]:            ^^^^^^^^^^^^^^^^^^^^^^^^^^^^^^^^^^^^^^^^^^^^^^^^^
[rank0]:   File "/usr/local/lib/python3.12/dist-packages/torch/optim/optimizer.py", line 487, in wrapper
[rank0]:     out = func(*args, **kwargs)
[rank0]:           ^^^^^^^^^^^^^^^^^^^^^
[rank0]:   File "/usr/local/lib/python3.12/dist-packages/torch/optim/optimizer.py", line 91, in _use_grad
[rank0]:     ret = func(self, *args, **kwargs)
[rank0]:           ^^^^^^^^^^^^^^^^^^^^^^^^^^^
[rank0]:   File "/usr/local/lib/python3.12/dist-packages/torch/optim/adam.py", line 202, in step
[rank0]:     loss = closure()
[rank0]:            ^^^^^^^^^
[rank0]:   File "/usr/local/lib/python3.12/dist-packages/pytorch_lightning/plugins/precision/precision.py", line 109, in _wrap_closure
[rank0]:     closure_result = closure()
[rank0]:                      ^^^^^^^^^
[rank0]:   File "/usr/local/lib/python3.12/dist-packages/pytorch_lightning/loops/optimization/automatic.py", line 146, in __call__
[rank0]:     self._result = self.closure(*args, **kwargs)
[rank0]:                    ^^^^^^^^^^^^^^^^^^^^^^^^^^^^^
[rank0]:   File "/usr/local/lib/python3.12/dist-packages/torch/utils/_contextlib.py", line 116, in decorate_context
[rank0]:     return func(*args, **kwargs)
[rank0]:            ^^^^^^^^^^^^^^^^^^^^^
[rank0]:   File "/usr/local/lib/python3.12/dist-packages/pytorch_lightning/loops/optimization/automatic.py", line 131, in closure
[rank0]:     step_output = self._step_fn()
[rank0]:                   ^^^^^^^^^^^^^^^
[rank0]:   File "/usr/local/lib/python3.12/dist-packages/pytorch_lightning/loops/optimization/automatic.py", line 319, in _training_step
[rank0]:     training_step_output = call._call_strategy_hook(trainer, "training_step", *kwargs.values())
[rank0]:                            ^^^^^^^^^^^^^^^^^^^^^^^^^^^^^^^^^^^^^^^^^^^^^^^^^^^^^^^^^^^^^^^^^^^^
[rank0]:   File "/usr/local/lib/python3.12/dist-packages/pytorch_lightning/trainer/call.py", line 323, in _call_strategy_hook
[rank0]:     output = fn(*args, **kwargs)
[rank0]:              ^^^^^^^^^^^^^^^^^^^
[rank0]:   File "/usr/local/lib/python3.12/dist-packages/pytorch_lightning/strategies/strategy.py", line 390, in training_step
[rank0]:     return self._forward_redirection(self.model, self.lightning_module, "training_step", *args, **kwargs)
[rank0]:            ^^^^^^^^^^^^^^^^^^^^^^^^^^^^^^^^^^^^^^^^^^^^^^^^^^^^^^^^^^^^^^^^^^^^^^^^^^^^^^^^^^^^^^^^^^^^^^
[rank0]:   File "/usr/local/lib/python3.12/dist-packages/pytorch_lightning/strategies/strategy.py", line 641, in __call__
[rank0]:     wrapper_output = wrapper_module(*args, **kwargs)
[rank0]:                      ^^^^^^^^^^^^^^^^^^^^^^^^^^^^^^^
[rank0]:   File "/usr/local/lib/python3.12/dist-packages/torch/nn/modules/module.py", line 1736, in _wrapped_call_impl
[rank0]:     return self._call_impl(*args, **kwargs)
[rank0]:            ^^^^^^^^^^^^^^^^^^^^^^^^^^^^^^^^
[rank0]:   File "/usr/local/lib/python3.12/dist-packages/torch/nn/modules/module.py", line 1747, in _call_impl
[rank0]:     return forward_call(*args, **kwargs)
[rank0]:            ^^^^^^^^^^^^^^^^^^^^^^^^^^^^^
[rank0]:   File "/usr/local/lib/python3.12/dist-packages/torch/nn/parallel/distributed.py", line 1643, in forward
[rank0]:     else self._run_ddp_forward(*inputs, **kwargs)
[rank0]:          ^^^^^^^^^^^^^^^^^^^^^^^^^^^^^^^^^^^^^^^^
[rank0]:   File "/usr/local/lib/python3.12/dist-packages/torch/nn/parallel/distributed.py", line 1459, in _run_ddp_forward
[rank0]:     return self.module(*inputs, **kwargs)  # type: ignore[index]
[rank0]:            ^^^^^^^^^^^^^^^^^^^^^^^^^^^^^^
[rank0]:   File "/usr/local/lib/python3.12/dist-packages/torch/nn/modules/module.py", line 1736, in _wrapped_call_impl
[rank0]:     return self._call_impl(*args, **kwargs)
[rank0]:            ^^^^^^^^^^^^^^^^^^^^^^^^^^^^^^^^
[rank0]:   File "/usr/local/lib/python3.12/dist-packages/torch/nn/modules/module.py", line 1747, in _call_impl
[rank0]:     return forward_call(*args, **kwargs)
[rank0]:            ^^^^^^^^^^^^^^^^^^^^^^^^^^^^^
[rank0]:   File "/usr/local/lib/python3.12/dist-packages/pytorch_lightning/strategies/strategy.py", line 634, in wrapped_forward
[rank0]:     out = method(*_args, **_kwargs)
[rank0]:           ^^^^^^^^^^^^^^^^^^^^^^^^^
[rank0]:   File "/usr/local/lib/python3.12/dist-packages/neuralforecast/common/_base_windows.py", line 396, in training_step
[rank0]:     windows = self._create_windows(batch, step="train")
[rank0]:               ^^^^^^^^^^^^^^^^^^^^^^^^^^^^^^^^^^^^^^^^^
[rank0]:   File "/usr/local/lib/python3.12/dist-packages/neuralforecast/common/_base_windows.py", line 150, in _create_windows
[rank0]:     raise Exception(
[rank0]: Exception: Time series is too short for training, consider setting a smaller input size or set start_padding_enabled=True

[rank0]: During handling of the above exception, another exception occurred:

[rank0]: Traceback (most recent call last):
[rank0]:   File "/ceph/home/student.aau.dk/struon20/p9/p9-energy/AI-LAB/Blackbox_run2.py", line 166, in <module>
[rank0]:     raise RuntimeError(
[rank0]: RuntimeError: Model failed to fit and forecast at iteration 1
